main.c:48:5:main	8	static
main.c:73:6:software_delay	16	static
main.c:81:6:task1_handler	8	static
main.c:89:6:task2_handler	8	static
main.c:97:6:task3_handler	8	static
main.c:105:6:task4_handler	8	static
main.c:113:6:init_systick_timer	32	static
main.c:134:29:init_scheduler_stack	0	static,ignoring_inline_asm
main.c:142:6:init_task_stack	24	static
main.c:169:6:HardFault_Handler	8	static
main.c:174:6:MemManage_Handler	8	static
main.c:179:6:BusFault_Handler	8	static
main.c:185:6:UsageFault_Handler	8	static
main.c:192:6:enable_processor_faults	16	static
main.c:203:6:update_next_task	4	static
main.c:209:10:get_psp_value	4	static
main.c:214:6:save_psp_value	16	static
main.c:219:29:switch_sp_to_psp	0	static,ignoring_inline_asm
main.c:238:29:SysTick_Handler	0	static,ignoring_inline_asm
