main.c:62:5:main	8	static
main.c:82:6:systick_delay	16	static
main.c:91:6:idle_task	4	static
main.c:96:6:task1_handler	8	static
main.c:104:6:task2_handler	8	static
main.c:112:6:task3_handler	8	static
main.c:120:6:task4_handler	8	static
main.c:128:6:init_systick_timer	32	static
main.c:149:29:init_scheduler_stack	0	static,ignoring_inline_asm
main.c:158:6:init_task_stack	24	static
main.c:203:6:HardFault_Handler	8	static
main.c:208:6:MemManage_Handler	8	static
main.c:213:6:BusFault_Handler	8	static
main.c:219:6:UsageFault_Handler	8	static
main.c:226:6:enable_processor_faults	16	static
main.c:237:6:update_next_task	16	static
main.c:253:10:get_psp_value	4	static
main.c:258:6:save_psp_value	16	static
main.c:263:29:switch_sp_to_psp	0	static,ignoring_inline_asm
main.c:280:6:schedule	16	static
main.c:288:6:task_delay	16	static,ignoring_inline_asm
main.c:305:29:PendSV_Handler	0	static,ignoring_inline_asm
main.c:339:6:update_global_tick_count	4	static
main.c:344:6:unblock_tasks	16	static
main.c:358:6:SysTick_Handler	16	static
