stm32f407_i2c_driver.c:35:6:I2C_PeripheralClockControl	16	static
stm32f407_i2c_driver.c:70:10:RCC_GETPLLOutputClock	4	static
stm32f407_i2c_driver.c:76:10:RCC_GetPCLK1Value	24	static
stm32f407_i2c_driver.c:138:6:I2C_Init	24	static
stm32f407_i2c_driver.c:214:6:I2C_DeInit	16	static
stm32f407_i2c_driver.c:246:6:I2C_MAsterSendData	24	static
stm32f407_i2c_driver.c:288:13:I2C_generateStartCondition	16	static
stm32f407_i2c_driver.c:292:13:I2C_ExecuteAddressPhaseWrite	16	static
stm32f407_i2c_driver.c:298:13:I2C_ExecuteAddressPhaseRead	16	static
stm32f407_i2c_driver.c:304:13:I2C_ClearADDRFlag	24	static
stm32f407_i2c_driver.c:310:13:I2C_generateStopCondition	16	static
stm32f407_i2c_driver.c:331:6:I2C_MasterReceiveData	32	static
stm32f407_i2c_driver.c:418:6:I2C_IRQInterruptConfig	16	static
stm32f407_i2c_driver.c:474:7:I2C_IRQPriorityConfig	24	static
stm32f407_i2c_driver.c:501:7:I2C_PeripheralControl	16	static
stm32f407_i2c_driver.c:530:10:I2C_GetFlagStatus	16	static
stm32f407_i2c_driver.c:554:7:I2C_ManageAcking	16	static
stm32f407_i2c_driver.c:585:7:I2C_ApplicationEventCallback	16	static
