stm32f407_spi_driver.c:31:6:SPI_PeripheralClockControl	16	static
stm32f407_spi_driver.c:82:6:SPI_PeripheralControl	16	static
stm32f407_spi_driver.c:94:6:SPI_SSIConfig	16	static
stm32f407_spi_driver.c:106:6:SPI_SSOEConfig	16	static
stm32f407_spi_driver.c:134:6:SPI_Init	24	static
stm32f407_spi_driver.c:200:6:SPI_DeInit	16	static
stm32f407_spi_driver.c:216:9:SPI_GetFlagStatus	16	static
stm32f407_spi_driver.c:239:6:SPI_SendData	24	static
stm32f407_spi_driver.c:265:9:SPI_SendDataWithIT	32	static
stm32f407_spi_driver.c:304:6:SPI_RecieveData	24	static
stm32f407_spi_driver.c:330:9:SPI_RecieveDataWithIT	32	static
stm32f407_spi_driver.c:368:6:SPI_IRQInterruptConfig	16	static
stm32f407_spi_driver.c:425:6:SPI_IRQPriorityConfig	24	static
stm32f407_spi_driver.c:453:13:spi_txe_interrupt_handle	16	static
stm32f407_spi_driver.c:483:13:spi_rxne_interrupt_handle	16	static
stm32f407_spi_driver.c:512:13:spi_ovr_err_interrupt_handle	24	static
stm32f407_spi_driver.c:527:6:SPI_IRQHandling	24	static
stm32f407_spi_driver.c:561:6:SPI_ClearOVRFlag	24	static
stm32f407_spi_driver.c:569:6:SPI_CLoseTransmission	16	static
stm32f407_spi_driver.c:577:6:SPI_CLoseReception	16	static
stm32f407_spi_driver.c:586:13:SPI_ApplicationEventCallback	16	static
