stm32f407_i2c_driver.c:37:6:I2C_PeripheralClockControl	16	static
stm32f407_i2c_driver.c:89:6:I2C_Init	24	static
stm32f407_i2c_driver.c:166:6:I2C_DeInit	16	static
stm32f407_i2c_driver.c:198:6:I2C_MAsterSendData	24	static
stm32f407_i2c_driver.c:240:13:I2C_generateStartCondition	16	static
stm32f407_i2c_driver.c:244:13:I2C_ExecuteAddressPhaseWrite	16	static
stm32f407_i2c_driver.c:250:13:I2C_ExecuteAddressPhaseRead	16	static
stm32f407_i2c_driver.c:256:13:I2C_ClearADDRFlag	24	static
stm32f407_i2c_driver.c:296:6:I2C_generateStopCondition	16	static
stm32f407_i2c_driver.c:317:6:I2C_MasterReceiveData	32	static
stm32f407_i2c_driver.c:407:9:I2C_MAsterSendDataIT	32	static
stm32f407_i2c_driver.c:453:9:I2C_MasterReceiveDataIT	32	static
stm32f407_i2c_driver.c:484:6:I2C_SlaveSendData	16	static
stm32f407_i2c_driver.c:489:9:I2C_SlaveReceiveData	16	static
stm32f407_i2c_driver.c:512:6:I2C_IRQInterruptConfig	16	static
stm32f407_i2c_driver.c:568:7:I2C_IRQPriorityConfig	24	static
stm32f407_i2c_driver.c:595:7:I2C_PeripheralControl	16	static
stm32f407_i2c_driver.c:624:10:I2C_GetFlagStatus	16	static
stm32f407_i2c_driver.c:648:7:I2C_ManageAcking	16	static
stm32f407_i2c_driver.c:677:7:I2C_EV_IRQHandling	32	static
stm32f407_i2c_driver.c:810:14:I2C_MasterHandleTXEInterrupt	16	static
stm32f407_i2c_driver.c:824:13:I2C_MasterHandleRXNEInterrupt	16	static
stm32f407_i2c_driver.c:862:6:I2C_closeReceiveData	16	static
stm32f407_i2c_driver.c:877:6:I2C_CloseSendData	16	static
stm32f407_i2c_driver.c:910:7:I2C_ER_IRQHandling	24	static
stm32f407_i2c_driver.c:1001:14:I2C_ApplicationEventCallback	16	static
stm32f407_i2c_driver.c:1007:7:I2C_SlaveEnableDisableCallbackEvents	16	static
