stm32f407_i2c_driver.c:35:6:I2C_PeripheralClockControl	16	static
stm32f407_i2c_driver.c:70:10:RCC_GETPLLOutputClock	4	static
stm32f407_i2c_driver.c:76:10:RCC_GetPCLK1Value	24	static
stm32f407_i2c_driver.c:138:6:I2C_Init	24	static
stm32f407_i2c_driver.c:214:6:I2C_DeInit	16	static
stm32f407_i2c_driver.c:246:6:I2C_MAsterSendData	24	static
stm32f407_i2c_driver.c:287:13:I2C_generateStartCondition	16	static
stm32f407_i2c_driver.c:291:13:I2C_ExecuteAddressPhaseWrite	16	static
stm32f407_i2c_driver.c:297:13:I2C_ExecuteAddressPhaseRead	16	static
stm32f407_i2c_driver.c:303:13:I2C_ClearADDRFlag	24	static
stm32f407_i2c_driver.c:309:13:I2C_generateStopCondition	16	static
stm32f407_i2c_driver.c:330:6:I2C_MasterReceiveData	32	static
stm32f407_i2c_driver.c:415:6:I2C_IRQInterruptConfig	16	static
stm32f407_i2c_driver.c:471:7:I2C_IRQPriorityConfig	24	static
stm32f407_i2c_driver.c:498:7:I2C_PeripheralControl	16	static
stm32f407_i2c_driver.c:527:10:I2C_GetFlagStatus	16	static
stm32f407_i2c_driver.c:551:7:I2C_ManageAcking	16	static
stm32f407_i2c_driver.c:582:7:I2C_ApplicationEventCallback	16	static
